Shades of Light in a Transcendent Realm「FTR」: 1063 -> 1067
PRAGMATISM「BYD」: 1500 -> 1502
Flashback「FTR」: 858 -> 856
αterlβus「FTR」: 1029 -> 1030
Auxesia「FTR」: 994 -> 1000
trappola bewitching「FTR」: 1043 -> 1044
Axium Crisis「PRS」: 1058 -> 1065
Grievous Lady「PRS」: 1324 -> 1194
Grievous Lady「FTR」: 1447 -> 1450
Singularity「FTR」: 1103 -> 1105
γuarδina「FTR」: 1115 -> 1120
The Message「FTR」: 988 -> 992
Ether Strike「FTR」: 1167 -> 1170
Nhelv「FTR」: 1104 -> 1108
Linear Accelerator「PST」: 435 -> 438
Linear Accelerator「PRS」: 485 -> 488
Rugie「FTR」: 961 -> 975
Astral tale「FTR」: 883 -> 884
Solitary Dream「FTR」: 971 -> 972
Antithese「BYD」: 957 -> 968
Vicious Heroism「FTR」: 1149 -> 1150
VECTOЯ「FTR」: 1297 -> 1299
Particle Arts「PST」: 527 -> 529
Particle Arts「PRS」: 633 -> 637
Particle Arts「FTR」: 921 -> 925
Vindication「FTR」: 1073 -> 1075
Mirzam「FTR」: 1301 -> 1303
FREEF4LL「FTR」: 1020 -> 1023
Heavenly caress「FTR」: 1548 -> 1560
Filament「FTR」: 987 -> 991
La'qryma of the Wasteland「PST」: 446 -> 447
La'qryma of the Wasteland「FTR」: 955 -> 956
Equilibrium「FTR」: 946 -> 951
#1f1e33「FTR」: 1574 -> 1576
Arcahv「PRS」: 882 -> 884
Arcahv「FTR」: 1063 -> 1065
Altale「FTR」: 687 -> 690
Black Lotus「PRS」: 681 -> 687
Black Lotus「FTR」: 964 -> 965
Vivid Theory「FTR」: 880 -> 885
Scarlet Cage「FTR」: 1194 -> 1195
MAHOROBA「FTR」: 829 -> 828
BUCHiGiRE Berserker「PRS」: 1039 -> 1046
Galaxy Friends「FTR」: 1010 -> 1013
CROSS†OVER「FTR」: 1076 -> 1094
ω4「PRS」: 747 -> 943
Bamboo「PST」: 390 -> 499
GIMME DA BLOOD「PST」: 617 -> 582
GIMME DA BLOOD「PRS」: 763 -> 737
Paper Witch「PRS」: 485 -> 487
Paper Witch「FTR」: 792 -> 793
Far Away Light「FTR」: 1315 -> 1322
Aegleseeker「PST」: 971 -> 973
Aegleseeker「FTR」: 1567 -> 1568
HIVEMIND「FTR」: 1251 -> 1252
with U「FTR」: 930 -> 932
lastendconductor「FTR」: 1208 -> 1209
Redolent Shape「FTR」: 1087 -> 1088
Cosmica「PST」: 425 -> 428
Haze of Autumn「FTR」: 1076 -> 1077
Ävril -Flicka i krans-「FTR」: 847 -> 851
Head BONK ache「PST」: 576 -> 570
